[LiveSync] AttachPartnerAndGroup partnerId='GiCd3znA4u', groupId='GiCbW2YwaG-GiCd3znA4u'
[LiveSync] ReloadForPartner: partnerId='GiCd3znA4u', groupId='GiCbW2YwaG-GiCd3znA4u'
[LiveSync] AttachPartnerAndGroup partnerId='GiCd3znA4u', groupId='GiCbW2YwaG-GiCd3znA4u'
[LiveSync] Partner personal snapshot: 0 items
[LiveSync] Group snapshot: 0 items (mine-to-decide filtered later)
[LiveSync] AttachPartnerAndGroup partnerId='GiCd3znA4u', groupId='GiCbW2YwaG-GiCd3znA4u'
[LiveSync] ReloadForPartner: partnerId='GiCd3znA4u', groupId='GiCbW2YwaG-GiCd3znA4u'
[LiveSync] AttachPartnerAndGroup partnerId='GiCd3znA4u', groupId='GiCbW2YwaG-GiCd3znA4u'
[LiveSync] Group snapshot: 0 items (mine-to-decide filtered later)
[LiveSync] Partner personal snapshot: 0 items
[LiveSync] ReloadForPartner: partnerId='', groupId='user-Gqd50GaTzc'
[LiveSync] ReloadForPartner: partnerId='Gqd42ulcsC', groupId='Gqd42ulcsC-Gqd50GaTzc'
[LiveSync] AttachPartnerAndGroup partnerId='Gqd42ulcsC', groupId='Gqd42ulcsC-Gqd50GaTzc'
[LiveSync] Partner personal snapshot: 0 items
[LiveSync] Group snapshot: 0 items (mine-to-decide filtered later)
[LiveSync] Group snapshot: 1 items (mine-to-decide filtered later)
[LiveSync] Group snapshot: 0 items (mine-to-decide filtered later)
[LiveSync] Partner personal snapshot: 1 items
[LiveSync] Partner personal snapshot: 2 items
[LiveSync] AttachPartnerAndGroup partnerId='Gqd42ulcsC', groupId='Gqd42ulcsC-Gqd50GaTzc'
[LiveSync] ReloadForPartner: partnerId='Gqd42ulcsC', groupId='Gqd42ulcsC-Gqd50GaTzc'
[LiveSync] AttachPartnerAndGroup partnerId='Gqd42ulcsC', groupId='Gqd42ulcsC-Gqd50GaTzc'
[LiveSync] Partner personal snapshot: 2 items
[LiveSync] Group snapshot: 0 items (mine-to-decide filtered later)
[LiveSync] AttachPartnerAndGroup partnerId='Gqd42ulcsC', groupId='Gqd42ulcsC-Gqd50GaTzc'
[LiveSync] ReloadForPartner: partnerId='Gqd42ulcsC', groupId='Gqd42ulcsC-Gqd50GaTzc'
[LiveSync] AttachPartnerAndGroup partnerId='Gqd42ulcsC', groupId='Gqd42ulcsC-Gqd50GaTzc'
[LiveSync] Partner personal snapshot: 2 items
[LiveSync] Group snapshot: 1 items (mine-to-decide filtered later)
[LiveSync] AttachPartnerAndGroup partnerId='Gqd42ulcsC', groupId='Gqd42ulcsC-Gqd50GaTzc'
[LiveSync] ReloadForPartner: partnerId='Gqd42ulcsC', groupId='Gqd42ulcsC-Gqd50GaTzc'
[LiveSync] AttachPartnerAndGroup partnerId='Gqd42ulcsC', groupId='Gqd42ulcsC-Gqd50GaTzc'
[LiveSync] Group snapshot: 1 items (mine-to-decide filtered later)
[LiveSync] Partner personal snapshot: 2 items
[LiveSync] Group snapshot: 0 items (mine-to-decide filtered later)
[LiveSync] AttachPartnerAndGroup partnerId='Gqd42ulcsC', groupId='Gqd42ulcsC-Gqd50GaTzc'
[LiveSync] ReloadForPartner: partnerId='Gqd42ulcsC', groupId='Gqd42ulcsC-Gqd50GaTzc'
[LiveSync] AttachPartnerAndGroup partnerId='Gqd42ulcsC', groupId='Gqd42ulcsC-Gqd50GaTzc'
[LiveSync] Group snapshot: 0 items (mine-to-decide filtered later)
[LiveSync] Partner personal snapshot: 2 items
[LiveSync] AttachPartnerAndGroup partnerId='Gqd42ulcsC', groupId='Gqd42ulcsC-Gqd50GaTzc'
[LiveSync] ReloadForPartner: partnerId='Gqd42ulcsC', groupId='Gqd42ulcsC-Gqd50GaTzc'
[LiveSync] AttachPartnerAndGroup partnerId='Gqd42ulcsC', groupId='Gqd42ulcsC-Gqd50GaTzc'
[LiveSync] Partner personal snapshot: 2 items
[LiveSync] Group snapshot: 0 items (mine-to-decide filtered later)
[LiveSync] ReloadForPartner: partnerId='Gqd42ulcsC', groupId='Gqd42ulcsC-Gqd50GaTzc'
[LiveSync] AttachPartnerAndGroup partnerId='Gqd42ulcsC', groupId='Gqd42ulcsC-Gqd50GaTzc'
[LiveSync] Group snapshot: 0 items (mine-to-decide filtered later)
[LiveSync] Partner personal snapshot: 2 items
[LiveSync] AttachPartnerAndGroup partnerId='Gqd42ulcsC', groupId='Gqd42ulcsC-Gqd50GaTzc'
[LiveSync] Group snapshot: 0 items (mine-to-decide filtered later)
[LiveSync] Partner personal snapshot: 2 items
[LiveSync] ReloadForPartner: partnerId='Gqd42ulcsC', groupId='Gqd42ulcsC-Gqd50GaTzc'
[LiveSync] AttachPartnerAndGroup partnerId='Gqd42ulcsC', groupId='Gqd42ulcsC-Gqd50GaTzc'
[LiveSync] Group snapshot: 0 items (mine-to-decide filtered later)
[LiveSync] Partner personal snapshot: 2 items
[LiveSync] AttachPartnerAndGroup partnerId='Gqd42ulcsC', groupId='Gqd42ulcsC-Gqd50GaTzc'
[LiveSync] Partner personal snapshot: 2 items
[LiveSync] Group snapshot: 0 items (mine-to-decide filtered later)
[LiveSync] ReloadForPartner: partnerId='Gqd42ulcsC', groupId='Gqd42ulcsC-Gqd50GaTzc'
[LiveSync] AttachPartnerAndGroup partnerId='Gqd42ulcsC', groupId='Gqd42ulcsC-Gqd50GaTzc'
[LiveSync] Group snapshot: 0 items (mine-to-decide filtered later)
[LiveSync] Partner personal snapshot: 2 items
[LiveSync] AttachPartnerAndGroup partnerId='Gqd42ulcsC', groupId='Gqd42ulcsC-Gqd50GaTzc'
[LiveSync] Partner personal snapshot: 2 items
[LiveSync] Group snapshot: 0 items (mine-to-decide filtered later)
[LiveSync] ReloadForPartner: partnerId='Gqd42ulcsC', groupId='Gqd42ulcsC-Gqd50GaTzc'
[LiveSync] AttachPartnerAndGroup partnerId='Gqd42ulcsC', groupId='Gqd42ulcsC-Gqd50GaTzc'
[LiveSync] Group snapshot: 0 items (mine-to-decide filtered later)
[LiveSync] Partner personal snapshot: 2 items
[LiveSync] AttachPartnerAndGroup partnerId='Gqd42ulcsC', groupId='Gqd42ulcsC-Gqd50GaTzc'
[LiveSync] Partner personal snapshot: 2 items
[LiveSync] Group snapshot: 0 items (mine-to-decide filtered later)
[LiveSync] ReloadForPartner: partnerId='Gqd42ulcsC', groupId='Gqd42ulcsC-Gqd50GaTzc'
[LiveSync] AttachPartnerAndGroup partnerId='Gqd42ulcsC', groupId='Gqd42ulcsC-Gqd50GaTzc'
[LiveSync] Group snapshot: 0 items (mine-to-decide filtered later)
[LiveSync] Partner personal snapshot: 2 items
[LiveSync] AttachPartnerAndGroup partnerId='Gqd42ulcsC', groupId='Gqd42ulcsC-Gqd50GaTzc'
[LiveSync] Group snapshot: 0 items (mine-to-decide filtered later)
[LiveSync] Partner personal snapshot: 2 items
[LiveSync] ReloadForPartner: partnerId='Gqd42ulcsC', groupId='Gqd42ulcsC-Gqd50GaTzc'
[LiveSync] AttachPartnerAndGroup partnerId='Gqd42ulcsC', groupId='Gqd42ulcsC-Gqd50GaTzc'
[LiveSync] Group snapshot: 0 items (mine-to-decide filtered later)
[LiveSync] Partner personal snapshot: 2 items
[LiveSync] AttachPartnerAndGroup partnerId='Gqd42ulcsC', groupId='Gqd42ulcsC-Gqd50GaTzc'
[LiveSync] Group snapshot: 0 items (mine-to-decide filtered later)
[LiveSync] Partner personal snapshot: 2 items
[LiveSync] ReloadForPartner: partnerId='Gqd42ulcsC', groupId='Gqd42ulcsC-Gqd50GaTzc'
[LiveSync] AttachPartnerAndGroup partnerId='Gqd42ulcsC', groupId='Gqd42ulcsC-Gqd50GaTzc'
[LiveSync] Group snapshot: 0 items (mine-to-decide filtered later)
[LiveSync] Partner personal snapshot: 2 items
[LiveSync] AttachPartnerAndGroup partnerId='Gqd42ulcsC', groupId='Gqd42ulcsC-Gqd50GaTzc'
[LiveSync] Partner personal snapshot: 2 items
[LiveSync] Group snapshot: 0 items (mine-to-decide filtered later)
