System.InvalidOperationException: A TwoWay or OneWayToSource binding cannot work on the read-only property 'AnimationsEnabled' of type 'TaskMate.ViewModels.MainViewModel'.
   at MS.Internal.Data.PropertyPathWorker.CheckReadOnly(Object item, Object info)
   at MS.Internal.Data.PropertyPathWorker.ReplaceItem(Int32 k, Object newO, Object parent)
   at MS.Internal.Data.PropertyPathWorker.UpdateSourceValueState(Int32 k, ICollectionView collectionView, Object newValue, Boolean isASubPropertyChange)
   at MS.Internal.Data.ClrBindingWorker.AttachDataItem()
   at System.Windows.Data.BindingExpression.Activate(Object item)
   at System.Windows.Data.BindingExpression.AttachToContext(AttachAttempt attempt)
   at System.Windows.Data.BindingExpression.MS.Internal.Data.IDataBindEngineClient.AttachToContext(Boolean lastChance)
   at MS.Internal.Data.DataBindEngine.Task.Run(Boolean lastChance)
   at MS.Internal.Data.DataBindEngine.Run(Object arg)
   at MS.Internal.Data.DataBindEngine.OnLayoutUpdated(Object sender, EventArgs e)
   at System.Windows.ContextLayoutManager.fireLayoutUpdateEvent()
   at System.Windows.ContextLayoutManager.UpdateLayout()
   at System.Windows.Interop.HwndSource.SetLayoutSize()
   at System.Windows.Interop.HwndSource.set_RootVisualInternal(Visual value)
   at System.Windows.Window.SetRootVisualAndUpdateSTC()
   at System.Windows.Window.SetupInitialState(Double requestedTop, Double requestedLeft, Double requestedWidth, Double requestedHeight)
   at System.Windows.Window.CreateSourceWindow(Boolean duringShow)
   at System.Windows.Window.ShowHelper(Object booleanBox)
   at System.Windows.Threading.ExceptionWrapper.InternalRealCall(Delegate callback, Object args, Int32 numArgs)
   at System.Windows.Threading.ExceptionWrapper.TryCatchWhen(Object source, Delegate callback, Object args, Int32 numArgs, Delegate catchHandler)
System.ArgumentException: 'Button' ControlTemplate TargetType does not match templated type 'ToggleButton'.
   at System.Windows.Controls.ControlTemplate.ValidateTemplatedParent(FrameworkElement templatedParent)
   at System.Windows.FrameworkTemplate.ApplyTemplateContent(UncommonField`1 templateDataField, FrameworkElement container)
   at System.Windows.FrameworkElement.ApplyTemplate()
   at System.Windows.FrameworkElement.MeasureCore(Size availableSize)
   at System.Windows.UIElement.Measure(Size availableSize)
   at System.Windows.Controls.StackPanel.StackMeasureHelper(IStackMeasure measureElement, IStackMeasureScrollData scrollData, Size constraint)
   at System.Windows.Controls.StackPanel.MeasureOverride(Size constraint)
   at System.Windows.FrameworkElement.MeasureCore(Size availableSize)
   at System.Windows.UIElement.Measure(Size availableSize)
   at System.Windows.Controls.Grid.MeasureCell(Int32 cell, Boolean forceInfinityV)
   at System.Windows.Controls.Grid.MeasureCellsGroup(Int32 cellsHead, Size referenceSize, Boolean ignoreDesiredSizeU, Boolean forceInfinityV, Boolean& hasDesiredSizeUChanged)
   at System.Windows.Controls.Grid.MeasureOverride(Size constraint)
   at System.Windows.FrameworkElement.MeasureCore(Size availableSize)
   at System.Windows.UIElement.Measure(Size availableSize)
   at System.Windows.Controls.StackPanel.StackMeasureHelper(IStackMeasure measureElement, IStackMeasureScrollData scrollData, Size constraint)
   at System.Windows.Controls.StackPanel.MeasureOverride(Size constraint)
   at System.Windows.FrameworkElement.MeasureCore(Size availableSize)
   at System.Windows.UIElement.Measure(Size availableSize)
   at MS.Internal.Helper.MeasureElementWithSingleChild(UIElement element, Size constraint)
   at System.Windows.FrameworkElement.MeasureCore(Size availableSize)
   at System.Windows.UIElement.Measure(Size availableSize)
   at System.Windows.Controls.Border.MeasureOverride(Size constraint)
   at System.Windows.FrameworkElement.MeasureCore(Size availableSize)
   at System.Windows.UIElement.Measure(Size availableSize)
   at System.Windows.Controls.Control.MeasureOverride(Size constraint)
   at System.Windows.FrameworkElement.MeasureCore(Size availableSize)
   at System.Windows.UIElement.Measure(Size availableSize)
   at System.Windows.Controls.StackPanel.StackMeasureHelper(IStackMeasure measureElement, IStackMeasureScrollData scrollData, Size constraint)
   at System.Windows.Controls.StackPanel.MeasureOverride(Size constraint)
   at System.Windows.FrameworkElement.MeasureCore(Size availableSize)
   at System.Windows.UIElement.Measure(Size availableSize)
   at MS.Internal.Helper.MeasureElementWithSingleChild(UIElement element, Size constraint)
   at System.Windows.Controls.ScrollContentPresenter.MeasureOverride(Size constraint)
   at System.Windows.FrameworkElement.MeasureCore(Size availableSize)
   at System.Windows.UIElement.Measure(Size availableSize)
   at System.Windows.Controls.Grid.MeasureCell(Int32 cell, Boolean forceInfinityV)
   at System.Windows.Controls.Grid.MeasureCellsGroup(Int32 cellsHead, Size referenceSize, Boolean ignoreDesiredSizeU, Boolean forceInfinityV, Boolean& hasDesiredSizeUChanged)
   at System.Windows.Controls.Grid.MeasureOverride(Size constraint)
   at System.Windows.FrameworkElement.MeasureCore(Size availableSize)
   at System.Windows.UIElement.Measure(Size availableSize)
   at System.Windows.Controls.ScrollViewer.MeasureOverride(Size constraint)
   at System.Windows.FrameworkElement.MeasureCore(Size availableSize)
   at System.Windows.UIElement.Measure(Size availableSize)
   at System.Windows.Controls.Grid.MeasureCell(Int32 cell, Boolean forceInfinityV)
   at System.Windows.Controls.Grid.MeasureCellsGroup(Int32 cellsHead, Size referenceSize, Boolean ignoreDesiredSizeU, Boolean forceInfinityV, Boolean& hasDesiredSizeUChanged)
   at System.Windows.Controls.Grid.MeasureOverride(Size constraint)
   at System.Windows.FrameworkElement.MeasureCore(Size availableSize)
   at System.Windows.UIElement.Measure(Size availableSize)
   at MS.Internal.Helper.MeasureElementWithSingleChild(UIElement element, Size constraint)
   at System.Windows.FrameworkElement.MeasureCore(Size availableSize)
   at System.Windows.UIElement.Measure(Size availableSize)
   at System.Windows.Controls.Decorator.MeasureOverride(Size constraint)
   at System.Windows.Documents.AdornerDecorator.MeasureOverride(Size constraint)
   at System.Windows.FrameworkElement.MeasureCore(Size availableSize)
   at System.Windows.UIElement.Measure(Size availableSize)
   at System.Windows.Controls.Border.MeasureOverride(Size constraint)
   at System.Windows.FrameworkElement.MeasureCore(Size availableSize)
   at System.Windows.UIElement.Measure(Size availableSize)
   at System.Windows.Window.MeasureOverrideHelper(Size constraint)
   at System.Windows.Window.MeasureOverride(Size availableSize)
   at System.Windows.FrameworkElement.MeasureCore(Size availableSize)
   at System.Windows.UIElement.Measure(Size availableSize)
   at System.Windows.Interop.HwndSource.SetLayoutSize()
   at System.Windows.Interop.HwndSource.set_RootVisualInternal(Visual value)
   at System.Windows.Window.SetRootVisualAndUpdateSTC()
   at System.Windows.Window.SetupInitialState(Double requestedTop, Double requestedLeft, Double requestedWidth, Double requestedHeight)
   at System.Windows.Window.CreateSourceWindow(Boolean duringShow)
   at System.Windows.Window.ShowHelper(Object booleanBox)
   at System.Windows.Threading.ExceptionWrapper.InternalRealCall(Delegate callback, Object args, Int32 numArgs)
   at System.Windows.Threading.ExceptionWrapper.TryCatchWhen(Object source, Delegate callback, Object args, Int32 numArgs, Delegate catchHandler)
