[LiveSync] ReloadForPartner: partnerId='', groupId='user-Gqd42ulcsC'
[LiveSync] ReloadForPartner: partnerId='Gqd50GaTzc', groupId='Gqd42ulcsC-Gqd50GaTzc'
[LiveSync] AttachPartnerAndGroup partnerId='Gqd50GaTzc', groupId='Gqd42ulcsC-Gqd50GaTzc'
[LiveSync] Partner personal snapshot: 2 items
[LiveSync] Group snapshot: 0 items (mine-to-decide filtered later)
[LiveSync] Group snapshot: 1 items (mine-to-decide filtered later)
[LiveSync] Group snapshot: 0 items (mine-to-decide filtered later)
[LiveSync] Partner personal snapshot: 3 items
[LiveSync] AttachPartnerAndGroup partnerId='Gqd50GaTzc', groupId='Gqd42ulcsC-Gqd50GaTzc'
[LiveSync] ReloadForPartner: partnerId='Gqd50GaTzc', groupId='Gqd42ulcsC-Gqd50GaTzc'
[LiveSync] AttachPartnerAndGroup partnerId='Gqd50GaTzc', groupId='Gqd42ulcsC-Gqd50GaTzc'
[LiveSync] Group snapshot: 0 items (mine-to-decide filtered later)
[LiveSync] Partner personal snapshot: 3 items
[LiveSync] Group snapshot: 1 items (mine-to-decide filtered later)
[LiveSync] AttachPartnerAndGroup partnerId='Gqd50GaTzc', groupId='Gqd42ulcsC-Gqd50GaTzc'
[LiveSync] ReloadForPartner: partnerId='Gqd50GaTzc', groupId='Gqd42ulcsC-Gqd50GaTzc'
[LiveSync] AttachPartnerAndGroup partnerId='Gqd50GaTzc', groupId='Gqd42ulcsC-Gqd50GaTzc'
[LiveSync] Partner personal snapshot: 3 items
[LiveSync] Group snapshot: 1 items (mine-to-decide filtered later)
[LiveSync] ReloadForPartner: partnerId='Gqd50GaTzc', groupId='Gqd42ulcsC-Gqd50GaTzc'
[LiveSync] AttachPartnerAndGroup partnerId='Gqd50GaTzc', groupId='Gqd42ulcsC-Gqd50GaTzc'
[LiveSync] Group snapshot: 0 items (mine-to-decide filtered later)
[LiveSync] Partner personal snapshot: 4 items
[LiveSync] AttachPartnerAndGroup partnerId='Gqd50GaTzc', groupId='Gqd42ulcsC-Gqd50GaTzc'
[LiveSync] Group snapshot: 0 items (mine-to-decide filtered later)
[LiveSync] Partner personal snapshot: 4 items
